/opt/st/stm32cubeide_1.13.2/plugins/com.st.stm32cube.ide.mcu.externaltools.gnu-tools-for-stm32.11.3.rel1.linux64_1.1.1.202309131626/tools/arm-none-eabi/include/c++/11.3.1/arm-none-eabi/thumb/v7e-m+fp/hard/bits/gthr-default.h:229:1:int __gthread_key_delete(__gthread_key_t)	16	static
../Drivers/CMSIS/Include/core_cm4.h:1688:22:void __NVIC_EnableIRQ(IRQn_Type)	16	static
/opt/st/stm32cubeide_1.13.2/plugins/com.st.stm32cube.ide.mcu.externaltools.gnu-tools-for-stm32.11.3.rel1.linux64_1.1.1.202309131626/tools/arm-none-eabi/include/c++/11.3.1/bits/std_function.h:241:5:std::_Function_base::~_Function_base()	16	static
/opt/st/stm32cubeide_1.13.2/plugins/com.st.stm32cube.ide.mcu.externaltools.gnu-tools-for-stm32.11.3.rel1.linux64_1.1.1.202309131626/tools/arm-none-eabi/include/c++/11.3.1/bits/stl_vector.h:128:14:std::_Vector_base<std::unique_ptr<Command>, std::allocator<std::unique_ptr<Command> > >::_Vector_impl::~_Vector_impl()	16	static
../Core/App/Src/console.cpp:15:6:void initUART()	8	static
../Core/App/Src/console.cpp:57:5:int uart_write(int)	16	static
../Core/App/Src/console.cpp:66:6:void uart_read(std::string&)	48	static
../Core/App/Src/console.cpp:81:6:void send_data(const string&)	64	static
../Core/App/Src/console.cpp:100:6:void USART1_IRQHandler()	112	static
/opt/st/stm32cubeide_1.13.2/plugins/com.st.stm32cube.ide.mcu.externaltools.gnu-tools-for-stm32.11.3.rel1.linux64_1.1.1.202309131626/tools/arm-none-eabi/include/c++/11.3.1/bits/basic_string.h:6132:5:std::__cxx11::basic_string<_CharT, _Traits, _Alloc> std::operator+(const std::__cxx11::basic_string<_CharT, _Traits, _Alloc>&, const _CharT*) [with _CharT = char; _Traits = std::char_traits<char>; _Alloc = std::allocator<char>]	24	static
/opt/st/stm32cubeide_1.13.2/plugins/com.st.stm32cube.ide.mcu.externaltools.gnu-tools-for-stm32.11.3.rel1.linux64_1.1.1.202309131626/tools/arm-none-eabi/include/c++/11.3.1/bits/allocator.h:174:7:std::allocator< <template-parameter-1-1> >::~allocator() [with _Tp = std::unique_ptr<Command>]	16	static
/opt/st/stm32cubeide_1.13.2/plugins/com.st.stm32cube.ide.mcu.externaltools.gnu-tools-for-stm32.11.3.rel1.linux64_1.1.1.202309131626/tools/arm-none-eabi/include/c++/11.3.1/bits/stl_vector.h:333:7:std::_Vector_base<_Tp, _Alloc>::~_Vector_base() [with _Tp = std::unique_ptr<Command>; _Alloc = std::allocator<std::unique_ptr<Command> >]	16	static
/opt/st/stm32cubeide_1.13.2/plugins/com.st.stm32cube.ide.mcu.externaltools.gnu-tools-for-stm32.11.3.rel1.linux64_1.1.1.202309131626/tools/arm-none-eabi/include/c++/11.3.1/bits/stl_iterator.h:1178:5:bool __gnu_cxx::operator!=(const __gnu_cxx::__normal_iterator<_Iterator, _Container>&, const __gnu_cxx::__normal_iterator<_Iterator, _Container>&) [with _Iterator = const char*; _Container = std::__cxx11::basic_string<char>]	24	static
/opt/st/stm32cubeide_1.13.2/plugins/com.st.stm32cube.ide.mcu.externaltools.gnu-tools-for-stm32.11.3.rel1.linux64_1.1.1.202309131626/tools/arm-none-eabi/include/c++/11.3.1/bits/stl_iterator.h:1051:7:__gnu_cxx::__normal_iterator<_Iterator, _Container>& __gnu_cxx::__normal_iterator<_Iterator, _Container>::operator++() [with _Iterator = const char*; _Container = std::__cxx11::basic_string<char>]	16	static
/opt/st/stm32cubeide_1.13.2/plugins/com.st.stm32cube.ide.mcu.externaltools.gnu-tools-for-stm32.11.3.rel1.linux64_1.1.1.202309131626/tools/arm-none-eabi/include/c++/11.3.1/bits/stl_iterator.h:1041:7:__gnu_cxx::__normal_iterator<_Iterator, _Container>::reference __gnu_cxx::__normal_iterator<_Iterator, _Container>::operator*() const [with _Iterator = const char*; _Container = std::__cxx11::basic_string<char>]	16	static
/opt/st/stm32cubeide_1.13.2/plugins/com.st.stm32cube.ide.mcu.externaltools.gnu-tools-for-stm32.11.3.rel1.linux64_1.1.1.202309131626/tools/arm-none-eabi/include/c++/11.3.1/bits/move.h:104:5:constexpr typename std::remove_reference<_Tp>::type&& std::move(_Tp&&) [with _Tp = std::__cxx11::basic_string<char>&]	16	static
/opt/st/stm32cubeide_1.13.2/plugins/com.st.stm32cube.ide.mcu.externaltools.gnu-tools-for-stm32.11.3.rel1.linux64_1.1.1.202309131626/tools/arm-none-eabi/include/c++/11.3.1/ext/new_allocator.h:89:7:__gnu_cxx::new_allocator<_Tp>::~new_allocator() [with _Tp = std::unique_ptr<Command>]	16	static
/opt/st/stm32cubeide_1.13.2/plugins/com.st.stm32cube.ide.mcu.externaltools.gnu-tools-for-stm32.11.3.rel1.linux64_1.1.1.202309131626/tools/arm-none-eabi/include/c++/11.3.1/bits/stl_vector.h:350:7:void std::_Vector_base<_Tp, _Alloc>::_M_deallocate(std::_Vector_base<_Tp, _Alloc>::pointer, std::size_t) [with _Tp = std::unique_ptr<Command>; _Alloc = std::allocator<std::unique_ptr<Command> >]	24	static
/opt/st/stm32cubeide_1.13.2/plugins/com.st.stm32cube.ide.mcu.externaltools.gnu-tools-for-stm32.11.3.rel1.linux64_1.1.1.202309131626/tools/arm-none-eabi/include/c++/11.3.1/bits/stl_iterator.h:1104:7:const _Iterator& __gnu_cxx::__normal_iterator<_Iterator, _Container>::base() const [with _Iterator = const char*; _Container = std::__cxx11::basic_string<char>]	16	static
/opt/st/stm32cubeide_1.13.2/plugins/com.st.stm32cube.ide.mcu.externaltools.gnu-tools-for-stm32.11.3.rel1.linux64_1.1.1.202309131626/tools/arm-none-eabi/include/c++/11.3.1/bits/alloc_traits.h:495:7:static void std::allocator_traits<std::allocator<_CharT> >::deallocate(std::allocator_traits<std::allocator<_CharT> >::allocator_type&, std::allocator_traits<std::allocator<_CharT> >::pointer, std::allocator_traits<std::allocator<_CharT> >::size_type) [with _Tp = std::unique_ptr<Command>]	24	static
/opt/st/stm32cubeide_1.13.2/plugins/com.st.stm32cube.ide.mcu.externaltools.gnu-tools-for-stm32.11.3.rel1.linux64_1.1.1.202309131626/tools/arm-none-eabi/include/c++/11.3.1/ext/new_allocator.h:132:7:void __gnu_cxx::new_allocator<_Tp>::deallocate(_Tp*, __gnu_cxx::new_allocator<_Tp>::size_type) [with _Tp = std::unique_ptr<Command>]	24	static
../Core/App/Src/../Inc/commands.hpp:25:8:Commands::~Commands()	16	static
../Core/App/Src/console.cpp:123:1:void __static_initialization_and_destruction_0(int, int)	16	static
/opt/st/stm32cubeide_1.13.2/plugins/com.st.stm32cube.ide.mcu.externaltools.gnu-tools-for-stm32.11.3.rel1.linux64_1.1.1.202309131626/tools/arm-none-eabi/include/c++/11.3.1/bits/stl_vector.h:678:7:std::vector<_Tp, _Alloc>::~vector() [with _Tp = std::unique_ptr<Command>; _Alloc = std::allocator<std::unique_ptr<Command> >]	24	static
/opt/st/stm32cubeide_1.13.2/plugins/com.st.stm32cube.ide.mcu.externaltools.gnu-tools-for-stm32.11.3.rel1.linux64_1.1.1.202309131626/tools/arm-none-eabi/include/c++/11.3.1/bits/stl_vector.h:276:7:std::_Vector_base<_Tp, _Alloc>::_Tp_alloc_type& std::_Vector_base<_Tp, _Alloc>::_M_get_Tp_allocator() [with _Tp = std::unique_ptr<Command>; _Alloc = std::allocator<std::unique_ptr<Command> >]	16	static
/opt/st/stm32cubeide_1.13.2/plugins/com.st.stm32cube.ide.mcu.externaltools.gnu-tools-for-stm32.11.3.rel1.linux64_1.1.1.202309131626/tools/arm-none-eabi/include/c++/11.3.1/bits/alloc_traits.h:845:5:void std::_Destroy(_ForwardIterator, _ForwardIterator, std::allocator<_T2>&) [with _ForwardIterator = std::unique_ptr<Command>*; _Tp = std::unique_ptr<Command>]	24	static
/opt/st/stm32cubeide_1.13.2/plugins/com.st.stm32cube.ide.mcu.externaltools.gnu-tools-for-stm32.11.3.rel1.linux64_1.1.1.202309131626/tools/arm-none-eabi/include/c++/11.3.1/bits/stl_construct.h:182:5:void std::_Destroy(_ForwardIterator, _ForwardIterator) [with _ForwardIterator = std::unique_ptr<Command>*]	16	static
/opt/st/stm32cubeide_1.13.2/plugins/com.st.stm32cube.ide.mcu.externaltools.gnu-tools-for-stm32.11.3.rel1.linux64_1.1.1.202309131626/tools/arm-none-eabi/include/c++/11.3.1/bits/stl_construct.h:160:2:static void std::_Destroy_aux<<anonymous> >::__destroy(_ForwardIterator, _ForwardIterator) [with _ForwardIterator = std::unique_ptr<Command>*; bool <anonymous> = false]	16	static
/opt/st/stm32cubeide_1.13.2/plugins/com.st.stm32cube.ide.mcu.externaltools.gnu-tools-for-stm32.11.3.rel1.linux64_1.1.1.202309131626/tools/arm-none-eabi/include/c++/11.3.1/bits/move.h:49:5:constexpr _Tp* std::__addressof(_Tp&) [with _Tp = std::unique_ptr<Command>]	16	static
/opt/st/stm32cubeide_1.13.2/plugins/com.st.stm32cube.ide.mcu.externaltools.gnu-tools-for-stm32.11.3.rel1.linux64_1.1.1.202309131626/tools/arm-none-eabi/include/c++/11.3.1/bits/stl_construct.h:146:5:constexpr void std::_Destroy(_Tp*) [with _Tp = std::unique_ptr<Command>]	16	static
/opt/st/stm32cubeide_1.13.2/plugins/com.st.stm32cube.ide.mcu.externaltools.gnu-tools-for-stm32.11.3.rel1.linux64_1.1.1.202309131626/tools/arm-none-eabi/include/c++/11.3.1/bits/unique_ptr.h:355:7:std::unique_ptr<_Tp, _Dp>::~unique_ptr() [with _Tp = Command; _Dp = std::default_delete<Command>]	32	static
/opt/st/stm32cubeide_1.13.2/plugins/com.st.stm32cube.ide.mcu.externaltools.gnu-tools-for-stm32.11.3.rel1.linux64_1.1.1.202309131626/tools/arm-none-eabi/include/c++/11.3.1/bits/unique_ptr.h:172:18:std::__uniq_ptr_impl<_Tp, _Dp>::pointer& std::__uniq_ptr_impl<_Tp, _Dp>::_M_ptr() [with _Tp = Command; _Dp = std::default_delete<Command>]	16	static
/opt/st/stm32cubeide_1.13.2/plugins/com.st.stm32cube.ide.mcu.externaltools.gnu-tools-for-stm32.11.3.rel1.linux64_1.1.1.202309131626/tools/arm-none-eabi/include/c++/11.3.1/bits/unique_ptr.h:426:7:std::unique_ptr<_Tp, _Dp>::deleter_type& std::unique_ptr<_Tp, _Dp>::get_deleter() [with _Tp = Command; _Dp = std::default_delete<Command>]	16	static
/opt/st/stm32cubeide_1.13.2/plugins/com.st.stm32cube.ide.mcu.externaltools.gnu-tools-for-stm32.11.3.rel1.linux64_1.1.1.202309131626/tools/arm-none-eabi/include/c++/11.3.1/bits/move.h:104:5:constexpr typename std::remove_reference<_Tp>::type&& std::move(_Tp&&) [with _Tp = Command*&]	16	static
/opt/st/stm32cubeide_1.13.2/plugins/com.st.stm32cube.ide.mcu.externaltools.gnu-tools-for-stm32.11.3.rel1.linux64_1.1.1.202309131626/tools/arm-none-eabi/include/c++/11.3.1/bits/std_function.h:334:11:std::function<std::__cxx11::basic_string<char>()>::~function()	16	static
../Core/App/Src/../Inc/commands.hpp:17:8:Command::~Command()	16	static
/opt/st/stm32cubeide_1.13.2/plugins/com.st.stm32cube.ide.mcu.externaltools.gnu-tools-for-stm32.11.3.rel1.linux64_1.1.1.202309131626/tools/arm-none-eabi/include/c++/11.3.1/bits/unique_ptr.h:79:7:void std::default_delete<_Tp>::operator()(_Tp*) const [with _Tp = Command]	24	static
/opt/st/stm32cubeide_1.13.2/plugins/com.st.stm32cube.ide.mcu.externaltools.gnu-tools-for-stm32.11.3.rel1.linux64_1.1.1.202309131626/tools/arm-none-eabi/include/c++/11.3.1/tuple:1393:5:>&) [with unsigned int __i = 0; _Elements = {Command*, std::default_delete<Command>}]	16	static
/opt/st/stm32cubeide_1.13.2/plugins/com.st.stm32cube.ide.mcu.externaltools.gnu-tools-for-stm32.11.3.rel1.linux64_1.1.1.202309131626/tools/arm-none-eabi/include/c++/11.3.1/bits/unique_ptr.h:174:18:_Dp& std::__uniq_ptr_impl<_Tp, _Dp>::_M_deleter() [with _Tp = Command; _Dp = std::default_delete<Command>]	16	static
/opt/st/stm32cubeide_1.13.2/plugins/com.st.stm32cube.ide.mcu.externaltools.gnu-tools-for-stm32.11.3.rel1.linux64_1.1.1.202309131626/tools/arm-none-eabi/include/c++/11.3.1/tuple:1377:5:>&) [with unsigned int __i = 0; _Head = Command*; _Tail = {std::default_delete<Command>}]	16	static
/opt/st/stm32cubeide_1.13.2/plugins/com.st.stm32cube.ide.mcu.externaltools.gnu-tools-for-stm32.11.3.rel1.linux64_1.1.1.202309131626/tools/arm-none-eabi/include/c++/11.3.1/tuple:1393:5:>&) [with unsigned int __i = 1; _Elements = {Command*, std::default_delete<Command>}]	16	static
/opt/st/stm32cubeide_1.13.2/plugins/com.st.stm32cube.ide.mcu.externaltools.gnu-tools-for-stm32.11.3.rel1.linux64_1.1.1.202309131626/tools/arm-none-eabi/include/c++/11.3.1/tuple:268:7:>&) [with unsigned int _Idx = 0; _Head = Command*; _Tail = {std::default_delete<Command>}]	16	static
/opt/st/stm32cubeide_1.13.2/plugins/com.st.stm32cube.ide.mcu.externaltools.gnu-tools-for-stm32.11.3.rel1.linux64_1.1.1.202309131626/tools/arm-none-eabi/include/c++/11.3.1/tuple:1377:5:>&) [with unsigned int __i = 1; _Head = std::default_delete<Command>; _Tail = {}]	16	static
/opt/st/stm32cubeide_1.13.2/plugins/com.st.stm32cube.ide.mcu.externaltools.gnu-tools-for-stm32.11.3.rel1.linux64_1.1.1.202309131626/tools/arm-none-eabi/include/c++/11.3.1/tuple:233:7:static constexpr _Head& std::_Head_base<_Idx, _Head, false>::_M_head(std::_Head_base<_Idx, _Head, false>&) [with unsigned int _Idx = 0; _Head = Command*]	16	static
/opt/st/stm32cubeide_1.13.2/plugins/com.st.stm32cube.ide.mcu.externaltools.gnu-tools-for-stm32.11.3.rel1.linux64_1.1.1.202309131626/tools/arm-none-eabi/include/c++/11.3.1/tuple:424:7:static constexpr _Head& std::_Tuple_impl<_Idx, _Head>::_M_head(std::_Tuple_impl<_Idx, _Head>&) [with unsigned int _Idx = 1; _Head = std::default_delete<Command>]	16	static
/opt/st/stm32cubeide_1.13.2/plugins/com.st.stm32cube.ide.mcu.externaltools.gnu-tools-for-stm32.11.3.rel1.linux64_1.1.1.202309131626/tools/arm-none-eabi/include/c++/11.3.1/tuple:124:7:static constexpr _Head& std::_Head_base<_Idx, _Head, true>::_M_head(std::_Head_base<_Idx, _Head, true>&) [with unsigned int _Idx = 1; _Head = std::default_delete<Command>]	16	static
../Core/App/Src/console.cpp:123:1:cpp)	8	static
../Core/App/Src/console.cpp:123:1:cpp)	8	static
